// Vitest Snapshot v1, https://vitest.dev/guide/snapshot.html

exports[`smoke 1`] = `"0x6080604052600436106101c5575f3560e01c806384b0196e116100f6578063bf53096911610094578063e9ae5c5311610063578063e9ae5c53146105f9578063f0c60f1a1461060c578063fac750e014610620578063ff619c6b14610634576101cc565b8063bf5309691461054e578063cb4774c41461056d578063cebfe3361461058e578063d03c7914146105ad576101cc565b8063a2e2f930116100d0578063a2e2f930146104d2578063a840fe49146104f1578063b70e36f014610510578063b75c7dc61461052f576101cc565b806384b0196e1461045957806394430fa5146104805780639c42fb59146104a3576101cc565b80632f3f30c711610163578063515c9d6d1161013d578063515c9d6d146103cb57806360d2f33d146103eb5780636ae269cc1461041e5780636fd914541461043a576101cc565b80632f3f30c71461037857806335058501146103925780634223b5c2146103ac576101cc565b8063136a12f71161019f578063136a12f7146102ab5780631626ba7e146102cc5780631a912f3e1461030457806320606b7014610345576101cc565b80630cef73b41461020557806311a86fd61461024057806312aaac701461027f576101cc565b366101cc57005b5f3560e01c63bc197c81811463f23a6e6182141763150b7a02821417156101f757806020526020603cf35b50633c10b94e5f526004601cfd5b348015610210575f80fd5b5061022461021f366004612068565b610653565b6040805192151583526020830191909152015b60405180910390f35b34801561024b575f80fd5b5061026773323232323232323232323232323232323232323281565b6040516001600160a01b039091168152602001610237565b34801561028a575f80fd5b5061029e6102993660046120b0565b61066d565b6040516102379190612109565b3480156102b6575f80fd5b506102ca6102c536600461218b565b61075d565b005b3480156102d7575f80fd5b506102eb6102e6366004612068565b610868565b6040516001600160e01b03199091168152602001610237565b34801561030f575f80fd5b506103377f84fa2cf05cd88e992eae77e851af68a4ee278dcff6ef504e487a55b3baadfbe581565b604051908152602001610237565b348015610350575f80fd5b506103377f8b73c3c69bb8fe3d512ecc4cf759cc79239f7b179b0ffacaa9a75d522b39400f81565b348015610383575f80fd5b506102eb630707070760e51b81565b34801561039d575f80fd5b506102eb631919191960e11b81565b3480156103b7575f80fd5b5061029e6103c63660046120b0565b61089b565b3480156103d6575f80fd5b506103375f8051602061266f83398151915281565b3480156103f6575f80fd5b506103377fe530e62dece51c9bec26701907051ddc8420a62f028096eeb58263193e84e04981565b348015610429575f80fd5b50686d3d4e7fb92a52381554610337565b348015610445575f80fd5b506103376104543660046121e5565b6108d9565b348015610464575f80fd5b5061046d610a2c565b604051610237979695949392919061225a565b34801561048b575f80fd5b506102676fac830f1181f6aab6862e71edc248941c81565b3480156104ae575f80fd5b506104c26104bd3660046122f0565b610a8d565b6040519015158152602001610237565b3480156104dd575f80fd5b506104c26104ec3660046120b0565b610ad1565b3480156104fc575f80fd5b5061033761050b3660046123e2565b610af9565b34801561051b575f80fd5b506102ca61052a3660046120b0565b610b32565b34801561053a575f80fd5b506102ca6105493660046120b0565b610b5d565b348015610559575f80fd5b506102ca610568366004612491565b610bb2565b348015610578575f80fd5b50610581610c56565b60405161023791906124d0565b348015610599575f80fd5b506103376105a83660046123e2565b610c6f565b3480156105b8575f80fd5b506104c26105c73660046120b0565b690100000000007821000160b09190911c69ffff00000000ffffffff1690811460011b600160481b9190911417151590565b6102ca610607366004612068565b610cd7565b348015610617575f80fd5b50610337610d60565b34801561062b575f80fd5b50610337610df3565b34801561063f575f80fd5b506104c261064e3660046124e2565b610e06565b5f806106618585855f611099565b91509150935093915050565b604080516080810182525f80825260208201819052918101919091526060808201525f828152686d3d4e7fb92a523817602052604081206106ad906112bb565b905080515f036106d05760405163395ed8c160e21b815260040160405180910390fd5b8051600619015f6106e48383016020015190565b60d881901c855260c881901c915060d01c60ff166002811115610709576107096120c7565b8460200190600281111561071f5761071f6120c7565b90816002811115610732576107326120c7565b90525060ff81161515604085015261074f83838151811082025290565b606085015250919392505050565b33301461077c576040516282b42960e81b815260040160405180910390fd5b8361079a57604051638707510560e01b815260040160405180910390fd5b6107a48383611321565b156107cf576107b28461134b565b6107cf576040516303a6f8c760e21b815260040160405180910390fd5b5f82815260188490526004859052603881208152683c149ebf7b8e6c5e226020818152604092839020805485151560ff19909116811790915583518881526001600160a01b038816928101929092526001600160e01b03198616828501526060820152915190917f7eb91b8ac56c0864a4e4f5598082d140d04bed1a4dd62a41d605be2430c494e1919081900360800190a15050505050565b5f806108778585856001611099565b509050806108895763ffffffff61088f565b631626ba7e5b60e01b95945050505050565b604080516080810182525f80825260208201819052918101919091526060808201526108d3610299686d3d4e7fb92a5238168461135f565b92915050565b5f806108f58460408051828152600190920160051b8201905290565b90505f5b848110156109b857368686838181106109145761091461253a565b9050602002810190610926919061254e565b90506109ae8261099f7f84fa2cf05cd88e992eae77e851af68a4ee278dcff6ef504e487a55b3baadfbe561095d602086018661256c565b6001600160a01b0316602086013561098061097b6040890189612587565b6113a8565b6040805194855260208501939093529183015260608201526080902090565b600190910160051b8501528390565b50506001016108f9565b50610a23610a1e7fe530e62dece51c9bec26701907051ddc8420a62f028096eeb58263193e84e0496109f284805160051b60209091012090565b686d3d4e7fb92a5238155460408051938452602084019290925290820187905260608201526080902090565b6113b9565b95945050505050565b600f60f81b6060805f808083610a7b604080518082018252600a8152692232b632b3b0ba34b7b760b11b60208083019190915282518084019093526005835264302e302e3160d81b9083015291565b97989097965046955030945091925090565b5f336fac830f1181f6aab6862e71edc248941c14610abd576040516282b42960e81b815260040160405180910390fd5b610ac88333846114cf565b50600192915050565b600881901c5f908152686d3d4e7fb92a523814602052604081205460ff83161c6001166108d3565b5f6108d382602001516002811115610b1357610b136120c7565b60ff168360600151805190602001205f1c5f9182526020526040902090565b333014610b51576040516282b42960e81b815260040160405180910390fd5b610b5a816114f7565b50565b333014610b7c576040516282b42960e81b815260040160405180910390fd5b610b8581611553565b60405181907fe5af7daed5ab2a2dc5f98d53619f05089c0c14d11a6621f6b906a2366c9a7ab3905f90a250565b333014610bd1576040516282b42960e81b815260040160405180910390fd5b610c1982828080601f0160208091040260200160405190810160405280939291908181526020018383808284375f92019190915250610c1392506112ae915050565b906115a7565b7faec6ef4baadc9acbdf52442522dfffda03abe29adba8d4af611bcef4cbe0c9ad8282604051610c4a9291906125ca565b60405180910390a15050565b6060610c6a686d3d4e7fb92a5238136112bb565b905090565b5f333014610c8f576040516282b42960e81b815260040160405180910390fd5b610c98826115ff565b9050807f3d3a48be5a98628ecf98a6201185102da78bbab8f63a4b2d6b9eef354f5131f583604051610cca9190612109565b60405180910390a2919050565b690100000000007821000160b084901c69ffff00000000ffffffff1690811460011b600160481b9190911417365f818184610d1957637f1812755f526004601cfd5b5085358087016020810194503592505f90604011600286141115610d47575050602080860135860190810190355b610d5688888887878787611674565b5050505050505050565b5f333014610d80576040516282b42960e81b815260040160405180910390fd5b50686d3d4e7fb92a523815805460408051828152426020808301919091523382840152606090912063ffffffff169092019283905580518381529051686d3d4e7fb92a523813927f7328006ebae4716b8db9514af69091e0ad74bec61dfdc256ed5446b234aa5424928290030190a15090565b5f610c6a686d3d4e7fb92a52381661178b565b5f84610e1457506001611091565b683c149ebf7b8e6c5e22631919191960e11b60048410610e32575083355b83610e415750630707070760e51b5b610e4b8682611321565b15610e6757610e598761134b565b610e67575f92505050611091565b5f818152601887905260048890526038812081526020839052604090205460ff1615610e9857600192505050611091565b5f81815273323232323232323232323232323232323232323260185260048890526038812081526020839052604090205460ff1615610edc57600192505050611091565b5f81815260188790525f8051602061266f8339815191526004526038812081526020839052604090205460ff1615610f1957600192505050611091565b5f8181527332323232323232323232323232323232323232326018525f8051602061266f8339815191526004526038812081526020839052604090205460ff1615610f6957600192505050611091565b631919191960e11b5f908152601887905260048890526038812081526020839052604090205460ff1615610fa257600192505050611091565b631919191960e11b5f90815273323232323232323232323232323232323232323260185260048890526038812081526020839052604090205460ff1615610fee57600192505050611091565b631919191960e11b5f90815260188790525f8051602061266f8339815191526004526038812081526020839052604090205460ff161561103357600192505050611091565b631919191960e11b5f9081527332323232323232323232323232323232323232326018525f8051602061266f8339815191526004526038812081526020839052604090205460ff161561108b57600192505050611091565b5f925050505b949350505050565b5f80604184146040851417156110c957306110b58787876117d7565b6001600160a01b03161491505f90506112a5565b60218410156110dc57505f9050806112a5565b506020198381018481118186180281189486019182013591601f19013560ff161561110d5761110a8761185f565b96505b505f6111188261066d565b6040810151909150158415151615611133575f9250506112a5565b805164ffffffffff164281109015151615611151575f9250506112a5565b5f81602001516002811115611168576111686120c7565b036111c3575f80603f8711883581029060208a013502915091505f806111a7856060015180516020820151604090920151603f90911191820292910290565b915091506111b88b8585858561187d565b9650505050506112a3565b6001816020015160028111156111db576111db6120c7565b0361126057606081810151805160208083015160409384015184518084018e9052855180820385018152601f8d018590049094028101870186529485018b8152603f9490941091820295910293611257935f92611250928e918e918291018382808284375f9201919091525061190f92505050565b85856119f3565b945050506112a3565b600281602001516002811115611278576112786120c7565b036112a3576112a0816060015180602001905181019061129891906125f8565b888888611b12565b92505b505b94509492505050565b686d3d4e7fb92a52381390565b60405181546020820190600881901c5f8260ff8417146112e957505080825260ff8116601f8082111561130b575b855f5260205f205b8160051c810154828601526020820191508282106112f157505b508084525f920191825250602001604052919050565b5f63e9ae5c5360e01b6001600160e01b0319831614306001600160a01b03851614165b9392505050565b5f6113558261066d565b6040015192915050565b6318fb58646004525f8281526024902081015468fbb67fda52d4bfb8bf811415026113898361178b565b82106108d357604051634e23d03560e01b815260040160405180910390fd5b5f8183604051375060405120919050565b7f06012d2aedbb397c1914278c3206cec06702f79ceb18361e1ddb2fcc068c324f7f0000000000000000000000005fbdb2315678afecb367f032d93f642f64180aa330147f0000000000000000000000000000000000000000000000000000000000007a694614166114ac5750604080517f8b73c3c69bb8fe3d512ecc4cf759cc79239f7b179b0ffacaa9a75d522b39400f81527f6c157b110f3bc0280dba8ae624dab3ba623d9bab8692057c96d59c9188d52cb260208201527fae209a0b48f21c054280f2455d32cf309387644879d9acbd8ffc1991638118859181019190915246606082015230608082015260a090205b6719010000000000005f5280601a5281603a52604260182090505f603a52919050565b6001600160a01b0383166114ec576114e78282611be0565b505050565b6114e7838383611bf9565b600881901c5f908152686d3d4e7fb92a523814602052604090208054600160ff84161b1790556040518181527f4d9dbebf1d909894d9c26fe228c27cec643b2cb490124e5b658f4edd203c20c19060200160405180910390a150565b5f818152686d3d4e7fb92a5238176020526040812055686d3d4e7fb92a523813611586686d3d4e7fb92a52381683611c43565b6115a35760405163395ed8c160e21b815260040160405180910390fd5b5050565b80518060081b60ff175f60fe83116115d0575050601f8281015160081b821790808311156115f7575b60208401855f5260205f205b828201518360051c8201556020830192508483106115dc5750505b509092555050565b5f61160982610af9565b90505f686d3d4e7fb92a5238136060840151845160208087015160408089015190519596506116609561163e95949301612613565b60408051601f198184030181529181525f8581526004850160205220906115a7565b61166d6003820183611d4f565b5050919050565b6fac830f1181f6aab6862e71edc248941b1933016116cc5760408110156116ae576040516355fe73fd60e11b815260040160405180910390fd5b6116b88235611e6a565b6116c784846020850135611e91565b611782565b806116fb573330146116f0576040516282b42960e81b815260040160405180910390fd5b6116c784845f611e91565b602081101561171d576040516355fe73fd60e11b815260040160405180910390fd5b813561172881611e6a565b5f806117526117388888866108d9565b602080871081881802188088019080880390881102610653565b9150915081611773576040516282b42960e81b815260040160405180910390fd5b61177e878783611e91565b5050505b50505050505050565b6318fb58646004525f818152602481208019548060011c92508061166d5781545f93501561166d5760019250828201541561166d5760029250828201541561166d575060039392505050565b5f60405182604081146117f25760418114611819575061184a565b60208581013560ff81901c601b0190915285356040526001600160ff1b031660605261182a565b60408501355f1a6020526040856040375b50845f526020600160805f60015afa5191505f606052806040523d611857575b638baa579f5f526004601cfd5b509392505050565b5f815f526020600160205f60025afa5190503d61187857fe5b919050565b5f6040518681528560208201528460408201528360608201528260808201525f805260205f60a0836101005afa503d6118da5760203d60a0836dcb83347beb24c695bbb85dbe99b75afa503d6118da5763d0d5039b3d526004601cfd5b505f516001147f7fffffff800000007fffffffffffffffde737d56d38bcf4279dce5617e3192a8851110905095945050505050565b6040805160c0810182526060808252602082018190525f92820183905281018290526080810182905260a0810191909152815160c081106119ed5760208301818101818251018281108260c0830111171561196c575050506119ed565b808151019250806020820151018181108382111782851084861117171561199657505050506119ed565b82815160208301011183855160208701011117156119b757505050506119ed565b8386528060208701525060408101516040860152606081015160608601526080810151608086015260a081015160a08601525050505b50919050565b5f805f611a0288600180611edf565b905060208601518051602082019150604088015160608901518451600d81016c1131b430b63632b733b2911d1160991b60981c8752848482011060228286890101515f1a14168160138901208286890120141685846014011085851760801c1074113a3cb832911d113bb2b130baba34371733b2ba1160591b60581c8589015160581c14161698505080865250505087515189151560021b600117808160218c5101511614602083118816169650508515611ae657602089510181810180516020600160208601856020868a8c60025afa60011b5afa51915295503d9050611ae657fe5b5050508215611b0757611b048287608001518860a00151888861187d565b92505b505095945050505050565b5f6001600160a01b03851615611091576040518260408114611b3c5760418114611b635750611b98565b60208581013560ff81901c601b0190915285356040526001600160ff1b0316606052611b74565b60408501355f1a6020526040856040375b50845f526020600160805f60015afa5180871860601b3d119250505f606052806040525b81611bd757631626ba7e60e01b80825285600483015260248201604081528460448401528486606485013760208160648701858b5afa90519091141691505b50949350505050565b5f385f3884865af16115a35763b12d13eb5f526004601cfd5b816014528060345263a9059cbb60601b5f5260205f604460105f875af18060015f511416611c3957803d853b151710611c39576390b8ec185f526004601cfd5b505f603452505050565b6318fb58646004525f8281526024812068fbb67fda52d4bfb8bf8303611c705763f5a267f15f526004601cfd5b82611c825768fbb67fda52d4bfb8bf92505b80195480611ceb576001925083825403611caf5760018201805483556002830180549091555f9055611d47565b83600183015403611ccd5760028201805460018401555f9055611d47565b83600283015403611ce3575f6002830155611d47565b5f9250611d47565b81602052835f5260405f20805480611d04575050611d47565b60018360011c039250826001820314611d33578284015480600183038601555f84860155805f52508060405f20555b5060018260011b178319555f815550600192505b505092915050565b6318fb58646004525f8281526024812068fbb67fda52d4bfb8bf8303611d7c5763f5a267f15f526004601cfd5b82611d8e5768fbb67fda52d4bfb8bf92505b8019548160205280611e3257815480611dae578483556001935050611d47565b848103611dbb5750611d47565b600183015480611dd657856001850155600194505050611d47565b858103611de4575050611d47565b600284015480611e005786600286015560019550505050611d47565b868103611e0f57505050611d47565b5f9283526040808420600190559183528183206002905582529020600390555060075b835f5260405f208054611e6157600191821c8381018690558083019182905590821b8217831955909250611d47565b50505092915050565b611e7381610ad1565b15610b5157604051633ab3447f60e11b815260040160405180910390fd5b600582901b5f5b818114611ed8576020818101918601358601803580153002179181810135916040810135019081019035611ecf848484848b611fd0565b50505050611e98565b5050505050565b606083518015611857576003600282010460021b60405192507f4142434445464748494a4b4c4d4e4f505152535455565758595a616263646566601f526106708515027f6768696a6b6c6d6e6f707172737475767778797a303132333435363738392d5f18603f526020830181810183886020010180515f82525b60038a0199508951603f8160121c16515f53603f81600c1c1651600153603f8160061c1651600253603f811651600353505f518452600484019350828410611f5a579052602001604052613d3d60f01b60038406600204808303919091525f861515909102918290035290038252509392505050565b611fdc81868585610e06565b611ff8576040516282b42960e81b815260040160405180910390fd5b611ed88585858585604051828482375f388483888a5af161201b573d5f823e3d81fd5b505050505050565b5f8083601f840112612033575f80fd5b50813567ffffffffffffffff81111561204a575f80fd5b602083019150836020828501011115612061575f80fd5b9250929050565b5f805f6040848603121561207a575f80fd5b83359250602084013567ffffffffffffffff811115612097575f80fd5b6120a386828701612023565b9497909650939450505050565b5f602082840312156120c0575f80fd5b5035919050565b634e487b7160e01b5f52602160045260245ffd5b5f81518084528060208401602086015e5f602082860101526020601f19601f83011685010191505092915050565b6020815264ffffffffff82511660208201525f60208301516003811061213d57634e487b7160e01b5f52602160045260245ffd5b80604084015250604083015115156060830152606083015160808084015261109160a08401826120db565b6001600160a01b0381168114610b5a575f80fd5b80358015158114611878575f80fd5b5f805f806080858703121561219e575f80fd5b8435935060208501356121b081612168565b925060408501356001600160e01b0319811681146121cc575f80fd5b91506121da6060860161217c565b905092959194509250565b5f805f604084860312156121f7575f80fd5b833567ffffffffffffffff81111561220d575f80fd5b8401601f8101861361221d575f80fd5b803567ffffffffffffffff811115612233575f80fd5b8660208260051b8401011115612247575f80fd5b6020918201979096509401359392505050565b60ff60f81b8816815260e060208201525f61227860e08301896120db565b828103604084015261228a81896120db565b606084018890526001600160a01b038716608085015260a0840186905283810360c0850152845180825260208087019350909101905f5b818110156122df5783518352602093840193909201916001016122c1565b50909b9a5050505050505050505050565b5f8060408385031215612301575f80fd5b823561230c81612168565b946020939093013593505050565b634e487b7160e01b5f52604160045260245ffd5b6040516080810167ffffffffffffffff811182821017156123515761235161231a565b60405290565b5f82601f830112612366575f80fd5b813567ffffffffffffffff8111156123805761238061231a565b604051601f8201601f19908116603f0116810167ffffffffffffffff811182821017156123af576123af61231a565b6040528181528382016020018510156123c6575f80fd5b816020850160208301375f918101602001919091529392505050565b5f602082840312156123f2575f80fd5b813567ffffffffffffffff811115612408575f80fd5b820160808185031215612419575f80fd5b61242161232e565b813564ffffffffff81168114612435575f80fd5b8152602082013560038110612448575f80fd5b60208201526124596040830161217c565b6040820152606082013567ffffffffffffffff811115612477575f80fd5b61248386828501612357565b606083015250949350505050565b5f80602083850312156124a2575f80fd5b823567ffffffffffffffff8111156124b8575f80fd5b6124c485828601612023565b90969095509350505050565b602081525f61134460208301846120db565b5f805f80606085870312156124f5575f80fd5b84359350602085013561250781612168565b9250604085013567ffffffffffffffff811115612522575f80fd5b61252e87828801612023565b95989497509550505050565b634e487b7160e01b5f52603260045260245ffd5b5f8235605e19833603018112612562575f80fd5b9190910192915050565b5f6020828403121561257c575f80fd5b813561134481612168565b5f808335601e1984360301811261259c575f80fd5b83018035915067ffffffffffffffff8211156125b6575f80fd5b602001915036819003821315612061575f80fd5b60208152816020820152818360408301375f818301604090810191909152601f909201601f19160101919050565b5f60208284031215612608575f80fd5b815161134481612168565b5f85518060208801845e60d886901b6001600160d81b0319169083019081526003851061264e57634e487b7160e01b5f52602160045260245ffd5b60f894851b600582015292151590931b600683015250600701939250505056fe3232323232323232323232323232323232323232323232323232323232323232a2646970667358221220fedfc3184b2b333b20591e8e82d687d62f41e28fa92d349d78b640fb4d41df5764736f6c634300081a0033"`;
